DEBUG 2026-07-27 16:20:56 d_metavar.py:22 Metavar for type None: None
DEBUG 2026-07-27 16:20:56 formatter.py:52 action type: None, Result: , nargs: 0, default metavar: None
DEBUG 2026-07-27 16:20:56 d_metavar.py:22 Metavar for type <class 'str'>: str
DEBUG 2026-07-27 16:20:56 formatter.py:52 action type: <class 'str'>, Result: str, nargs: None, default metavar: None
DEBUG 2026-07-27 16:20:56 _wrapper.py:168 wrapped field at host has a default value of localhost
DEBUG 2026-07-27 16:20:56 _wrapper.py:168 wrapped field at port has a default value of 8080
DEBUG 2026-07-27 16:20:56 _wrapper.py:168 wrapped field at fps has a default value of 30
DEBUG 2026-07-27 16:20:56 _wrapper.py:168 wrapped field at inference_latency has a default value of 0.03333333333333333
DEBUG 2026-07-27 16:20:56 _wrapper.py:168 wrapped field at obs_queue_timeout has a default value of 2
DEBUG 2026-07-27 16:20:56 _wrapper.py:168 wrapped field at enable_rtc has a default value of False
DEBUG 2026-07-27 16:20:56 _wrapper.py:201 wrapped field at rtc_execution_horizon has a default value of None
DEBUG 2026-07-27 16:20:56 _wrapper.py:168 wrapped field at rtc_reset_gap_s has a default value of 0.5
DEBUG 2026-07-27 16:20:56 _wrapper.py:309 Arg options for field 'host': {'required': False, 'dest': 'host', 'default': 'localhost', 'help': 'Networking configuration', 'type': <class 'str'>}
DEBUG 2026-07-27 16:20:56 _wrapper.py:309 Arg options for field 'port': {'required': False, 'dest': 'port', 'default': 8080, 'help': ' ', 'type': <class 'int'>}
DEBUG 2026-07-27 16:20:56 _wrapper.py:309 Arg options for field 'fps': {'required': False, 'dest': 'fps', 'default': 30, 'help': 'Timing configuration', 'type': <class 'int'>}
DEBUG 2026-07-27 16:20:56 ocstring.py:253 Warning: Unable to parse attribute docstring:         default=DEFAULT_INFERENCE_LATENCY, metadata={"help": "Target inference latency in seconds"}
DEBUG 2026-07-27 16:20:56 _wrapper.py:309 Arg options for field 'inference_latency': {'required': False, 'dest': 'inference_latency', 'default': 0.03333333333333333, 'help': ' ', 'type': <class 'float'>}
DEBUG 2026-07-27 16:20:56 ocstring.py:253 Warning: Unable to parse attribute docstring:         default=DEFAULT_OBS_QUEUE_TIMEOUT, metadata={"help": "Timeout for observation queue in seconds"}
DEBUG 2026-07-27 16:20:56 _wrapper.py:309 Arg options for field 'obs_queue_timeout': {'required': False, 'dest': 'obs_queue_timeout', 'default': 2, 'help': '\n', 'type': <class 'float'>}
DEBUG 2026-07-27 16:20:56 ocstring.py:253 Warning: Unable to parse attribute docstring:         default=False,
DEBUG 2026-07-27 16:20:56 _wrapper.py:309 Arg options for field 'enable_rtc': {'required': False, 'dest': 'enable_rtc', 'default': False, 'help': "\n\nReal-Time Chunking (RTC) overrides. RTC guidance is otherwise driven entirely by the\ncheckpoint's saved rtc_config; these let you force it on (or retune it) without editing the\ncheckpoint. Only affect flow-matching policies (pi0 / pi05 / smolvla).", 'type': <class 'bool'>}
DEBUG 2026-07-27 16:20:56 ocstring.py:253 Warning: Unable to parse attribute docstring:         default=None,
DEBUG 2026-07-27 16:20:56 _wrapper.py:309 Arg options for field 'rtc_execution_horizon': {'required': False, 'dest': 'rtc_execution_horizon', 'default': None, 'help': '\n\n', 'type': typing.Optional[int]}
DEBUG 2026-07-27 16:20:56 ocstring.py:253 Warning: Unable to parse attribute docstring:         default=0.5,
DEBUG 2026-07-27 16:20:56 _wrapper.py:309 Arg options for field 'rtc_reset_gap_s': {'required': False, 'dest': 'rtc_reset_gap_s', 'default': 0.5, 'help': '\n\n', 'type': <class 'float'>}
DEBUG 2026-07-27 16:20:56 d_metavar.py:22 Metavar for type <class 'str'>: str
DEBUG 2026-07-27 16:20:56 formatter.py:52 action type: <class 'str'>, Result: str, nargs: None, default metavar: str
DEBUG 2026-07-27 16:20:56 d_metavar.py:22 Metavar for type <class 'str'>: str
DEBUG 2026-07-27 16:20:56 formatter.py:52 action type: <class 'str'>, Result: str, nargs: None, default metavar: str
DEBUG 2026-07-27 16:20:56 d_metavar.py:22 Metavar for type <class 'str'>: str
DEBUG 2026-07-27 16:20:56 formatter.py:52 action type: <class 'str'>, Result: str, nargs: None, default metavar: str
DEBUG 2026-07-27 16:20:56 d_metavar.py:22 Metavar for type <class 'str'>: str
DEBUG 2026-07-27 16:20:56 formatter.py:52 action type: <class 'str'>, Result: str, nargs: None, default metavar: str
DEBUG 2026-07-27 16:20:56 d_metavar.py:22 Metavar for type <class 'str'>: str
DEBUG 2026-07-27 16:20:56 formatter.py:52 action type: <class 'str'>, Result: str, nargs: None, default metavar: str
DEBUG 2026-07-27 16:20:56 d_metavar.py:22 Metavar for type <class 'str'>: str
DEBUG 2026-07-27 16:20:56 formatter.py:52 action type: <class 'str'>, Result: str, nargs: None, default metavar: str
DEBUG 2026-07-27 16:20:56 d_metavar.py:22 Metavar for type <class 'str'>: str
DEBUG 2026-07-27 16:20:56 formatter.py:52 action type: <class 'str'>, Result: str, nargs: None, default metavar: str
DEBUG 2026-07-27 16:20:56 d_metavar.py:22 Metavar for type <class 'str'>: str
DEBUG 2026-07-27 16:20:56 formatter.py:52 action type: <class 'str'>, Result: str, nargs: None, default metavar: str
DEBUG 2026-07-27 16:20:56 d_metavar.py:22 Metavar for type <class 'str'>: str
DEBUG 2026-07-27 16:20:56 formatter.py:52 action type: <class 'str'>, Result: str, nargs: None, default metavar: str
DEBUG 2026-07-27 16:20:56 d_metavar.py:22 Metavar for type <class 'str'>: str
DEBUG 2026-07-27 16:20:56 formatter.py:52 action type: <class 'str'>, Result: str, nargs: None, default metavar: str
DEBUG 2026-07-27 16:20:56 d_metavar.py:22 Metavar for type <class 'str'>: str
DEBUG 2026-07-27 16:20:56 formatter.py:52 action type: <class 'str'>, Result: str, nargs: None, default metavar: str
DEBUG 2026-07-27 16:20:56 d_metavar.py:22 Metavar for type <class 'str'>: str
DEBUG 2026-07-27 16:20:56 formatter.py:52 action type: <class 'str'>, Result: str, nargs: None, default metavar: str
DEBUG 2026-07-27 16:20:56 d_metavar.py:22 Metavar for type <class 'str'>: str
DEBUG 2026-07-27 16:20:56 formatter.py:52 action type: <class 'str'>, Result: str, nargs: None, default metavar: str
DEBUG 2026-07-27 16:20:56 d_metavar.py:22 Metavar for type <class 'str'>: str
DEBUG 2026-07-27 16:20:56 formatter.py:52 action type: <class 'str'>, Result: str, nargs: None, default metavar: str
DEBUG 2026-07-27 16:20:56 d_metavar.py:22 Metavar for type <class 'str'>: str
DEBUG 2026-07-27 16:20:56 formatter.py:52 action type: <class 'str'>, Result: str, nargs: None, default metavar: str
DEBUG 2026-07-27 16:20:56 d_metavar.py:22 Metavar for type <class 'str'>: str
DEBUG 2026-07-27 16:20:56 formatter.py:52 action type: <class 'str'>, Result: str, nargs: None, default metavar: str
DEBUG 2026-07-27 16:20:56 d_metavar.py:22 Metavar for type <class 'str'>: str
DEBUG 2026-07-27 16:20:56 formatter.py:52 action type: <class 'str'>, Result: str, nargs: None, default metavar: str
DEBUG 2026-07-27 16:20:56 d_metavar.py:22 Metavar for type <class 'str'>: str
DEBUG 2026-07-27 16:20:56 formatter.py:52 action type: <class 'str'>, Result: str, nargs: None, default metavar: str
